// Jest Snapshot v1, https://goo.gl/fbAQLP

exports[`Test in <GifGridItem /> must show the component correctly 1`] = `
<div
  className="card animate__animated animate__fadeIn"
>
  <img
    alt="Title"
    src="https://url.com/"
  />
  <p>
    Title
  </p>
</div>
`;
